<html>
<body>
<pre>
<h1>µVision Build Log</h1>
<h2>Tool Versions:</h2>
IDE-Version: ¦ÌVision V5.37.0.0
Copyright (C) 2022 ARM Ltd and ARM Germany GmbH. All rights reserved.
License Information: Tzip Tzip, Tzip, LIC=----
 
Tool Versions:
Toolchain:       MDK-Lite  Version: 5.37.0.0
Toolchain Path:  A:\Keil_v5\ARM\ARMCC\Bin
C Compiler:      Armcc.exe V5.06 update 7 (build 960)
Assembler:       Armasm.exe V5.06 update 7 (build 960)
Linker/Locator:  ArmLink.exe V5.06 update 7 (build 960)
Library Manager: ArmAr.exe V5.06 update 7 (build 960)
Hex Converter:   FromElf.exe V5.06 update 7 (build 960)
CPU DLL:         SARMCM3.DLL V5.37.0.0
Dialog DLL:      DARMCM1.DLL V1.19.6.0
Target DLL:      STLink\ST-LINKIII-KEIL_SWO.dll V3.0.9.0
Dialog DLL:      TARMCM1.DLL V1.14.6.0
 
<h2>Project:</h2>
A:\Users\Desktop\ArmProject\GHDSTM32\STM32CubeMX_CODE\1-LED_blink\MDK-ARM\1-LED_blink.uvprojx
Project File Date:  08/30/2023

<h2>Output:</h2>
*** Using Compiler 'V5.06 update 7 (build 960)', folder: 'A:\Keil_v5\ARM\ARMCC\Bin'
Build target '1-LED_blink'
assembling startup_stm32g030xx.s...
compiling stm32g0xx_ll_rcc.c...
compiling stm32g0xx_ll_dma.c...
compiling stm32g0xx_hal_tim.c...
compiling stm32g0xx_hal_dma_ex.c...
compiling stm32g0xx_hal_msp.c...
compiling stm32g0xx_hal_rcc.c...
compiling stm32g0xx_hal_dma.c...
compiling stm32g0xx_hal_flash_ex.c...
compiling stm32g0xx_hal_gpio.c...
compiling gpio.c...
compiling stm32g0xx_hal_pwr_ex.c...
compiling main.c...
compiling stm32g0xx_hal_tim_ex.c...
compiling stm32g0xx_hal_pwr.c...
compiling stm32g0xx_hal_flash.c...
compiling stm32g0xx_it.c...
compiling stm32g0xx_hal_rcc_ex.c...
compiling stm32g0xx_hal_cortex.c...
compiling system_stm32g0xx.c...
compiling stm32g0xx_hal.c...
compiling stm32g0xx_hal_exti.c...
linking...
Program Size: Code=5928 RO-data=300 RW-data=28 ZI-data=1884  
"1-LED_blink\1-LED_blink.axf" - 0 Error(s), 0 Warning(s).

<h2>Software Packages used:</h2>

Package Vendor: ARM
                http://www.keil.com/pack/ARM.CMSIS.5.9.0.pack
                ARM.CMSIS.5.9.0
                CMSIS (Common Microcontroller Software Interface Standard)
   * Component: CORE Version: 5.6.0

Package Vendor: Keil
                http://www.keil.com/pack/Keil.STM32G0xx_DFP.1.3.0.pack
                Keil.STM32G0xx_DFP.1.3.0
                STMicroelectronics STM32G0 Series Device Support

<h2>Collection of Component include folders:</h2>
  ./RTE/_1-LED_blink
  A:/Users/33488/AppData/Local/Arm/Packs/ARM/CMSIS/5.9.0/CMSIS/Core/Include
  A:/Users/33488/AppData/Local/Arm/Packs/Keil/STM32G0xx_DFP/1.3.0/Drivers/CMSIS/Device/ST/STM32G0xx/Include

<h2>Collection of Component Files used:</h2>

   * Component: ARM::CMSIS:CORE:5.6.0
      Include file:  CMSIS/Core/Include/tz_context.h
Build Time Elapsed:  00:00:04
</pre>
</body>
</html>
